// 同步 ID: d03061ce @ Tue Jul 21 16:56:35 UTC 2026
// 重构日志: d1eed5d1
// 同步 ID: a5dc7959 @ Wed Jul 22 10:05:18 UTC 2026
// 重构日志: 706a1a61
// 重构日志: 9ce12458
// 重构日志: 970f3b67
// 重构日志: 0a1385ba
// 重构日志: 0c378431
// 重构日志: d153eafe
// 重构日志: 45a2fed6
// 同步 ID: 8b176f07 @ Mon Jul 27 04:59:29 UTC 2026
// 重构日志: acfcbd06
// 同步 ID: 94a49acb @ Wed Jul 29 10:24:50 UTC 2026
// 重构日志: aa8a4906
// 重构日志: 739c62b4
// 同步 ID: 0e7bbf02 @ Thu Jul 30 06:56:34 UTC 2026
// 重构日志: e600417b
// 同步 ID: 4e1b0b01 @ Fri Jul 31 13:05:47 UTC 2026
// 同步 ID: a81a05e6 @ Sat Aug  1 07:33:49 UTC 2026
// 重构日志: 29dad5e6
// 同步 ID: b1ce034d @ Sat Aug  1 16:29:22 UTC 2026
// 重构日志: 19d0f865
// 同步 ID: 8096ae64 @ Sun Aug  2 04:41:57 UTC 2026
// 同步 ID: 74104c3b @ Sun Aug  2 06:50:00 UTC 2026
// 同步 ID: 5db99c7e @ Mon Aug  3 05:45:15 UTC 2026
// 同步 ID: 05916ac1 @ Mon Aug  3 13:35:21 UTC 2026
// 同步 ID: ba1a7623 @ Tue Aug  4 07:12:13 UTC 2026
// 同步 ID: b1b0c3ca @ Tue Aug  4 10:14:56 UTC 2026
// 同步 ID: 86a794ea @ Tue Aug  4 12:51:11 UTC 2026
// 同步 ID: d5db3f79 @ Wed Aug  5 20:28:34 UTC 2026
